

*** BEGIN OF TEST CLOCK TICK ***
*** TEST VERSION: 6.0.0.not-released
*** TEST STATE: EXPECTED_PASS
*** TEST BUILD:
*** TEST TOOLS: 13.3.0 20240521 (RTEMS 6, RSB no-repo, Newlib 1b3dcfd)
TA1  - rtems_clock_get_tod - 09:00:00   12/31/1988
TA2  - rtems_clock_get_tod - 09:00:00   12/31/1988
TA3  - rtems_clock_get_tod - 09:00:00   12/31/1988
TA1  - rtems_clock_get_tod - 09:00:04   12/31/1988
TA2  - rtems_clock_get_tod - 09:00:09   12/31/1988
TA1  - rtems_clock_get_tod - 09:00:09   12/31/1988
TA3  - rtems_clock_get_tod - 09:00:14   12/31/1988
TA1  - rtems_clock_get_tod - 09:00:14   12/31/1988
TA2  - rtems_clock_get_tod - 09:00:19   12/31/1988
TA1  - rtems_clock_get_tod - 09:00:19   12/31/1988
TA1  - rtems_clock_get_tod - 09:00:24   12/31/1988
TA3  - rtems_clock_get_tod - 09:00:29   12/31/1988
TA2  - rtems_clock_get_tod - 09:00:29   12/31/1988
TA1  - rtems_clock_get_tod - 09:00:29   12/31/1988
TA1  - rtems_clock_get_tod - 09:00:34   12/31/1988

*** END OF TEST CLOCK TICK ***


[ RTEMS shutdown ]
RTEMS version: 6.0.0.not-released
RTEMS tools: 13.3.0 20240521 (RTEMS 6, RSB no-repo, Newlib 1b3dcfd)
executing thread ID: 0x0a010003
executing thread name: TA2 
